// Jest Snapshot v1, https://goo.gl/fbAQLP

exports[`<TableComponent /> should render component with data, with tableHead, with colWidths, sorted ASC by Id, with 2 pages on page 1 1`] = `
Array [
  <div
    className="table-nav--top"
  >
    <div
      className="table-navigation-pages"
    >
      <span
        data-testid="span"
      >
        Page 
        1
         of 
        2
        .
      </span>
      <div
        className="number-wrapper"
      >
        <input
          className="input number-input"
          data-testid="number-input"
          onChange={[Function]}
          type="number"
          value={1}
        />
        <div
          className="number-up"
          data-testid="number-up"
          onClick={[Function]}
        />
        <div
          className="number-down"
          data-testid="number-down"
          onClick={[Function]}
        />
      </div>
    </div>
    <input
      className="input"
      name="search"
      onChange={[Function]}
      placeholder="Search..."
      type="text"
      value=""
    />
  </div>,
  <table>
    <colgroup>
      <col
        width={50}
      />
      <col
        width={25}
      />
    </colgroup>
    <thead>
      <tr>
        <th
          onClick={[Function]}
        >
          Id
          <i
            className="arrow down"
          />
        </th>
        <th
          onClick={[Function]}
        >
          Name
        </th>
        <th>
          Actions
        </th>
      </tr>
    </thead>
    <tbody>
      <tr>
        <td>
          <div
            className="truncated-string"
          >
            <div
              data-testid="truncated-value"
            >
              1
            </div>
          </div>
        </td>
        <td>
          <div
            className="truncated-string"
          >
            <div
              data-testid="truncated-value"
            >
              Test 1
            </div>
          </div>
        </td>
        <td>
          <button>
            Edit
          </button>
        </td>
      </tr>
      <tr>
        <td>
          <div
            className="truncated-string"
          >
            <div
              data-testid="truncated-value"
            >
              2
            </div>
          </div>
        </td>
        <td>
          <div
            className="truncated-string"
          >
            <div
              data-testid="truncated-value"
            >
              Test 2
            </div>
          </div>
        </td>
        <td>
          <button>
            Edit
          </button>
        </td>
      </tr>
    </tbody>
  </table>,
  <div
    className="table-nav--bottom"
  >
    <div
      className="table-navigation-pages"
    >
      <span
        data-testid="span"
      >
        Page 
        1
         of 
        2
        .
      </span>
      <div
        className="number-wrapper"
      >
        <input
          className="input number-input"
          data-testid="number-input"
          onChange={[Function]}
          type="number"
          value={1}
        />
        <div
          className="number-up"
          data-testid="number-up"
          onClick={[Function]}
        />
        <div
          className="number-down"
          data-testid="number-down"
          onClick={[Function]}
        />
      </div>
    </div>
  </div>,
]
`;
